a1SELECTION OF CASES AND VARIABLES                         
b2SUPPLEMENTARY CATEGORICAL VARIABLES
X      1 VARIABLES       6 ASSOCIATED CATEGORIES
 E----------------------------------------------------------------------------------------------------------------------------------
     2 . Continent                                                    (   6 CATEGORIES )
 F----------------------------------------------------------------------------------------------------------------------------------
b2ACTIVE CONTINUOUS VARIABLES
X     14 VARIABLES
 E----------------------------------------------------------------------------------------------------------------------------------
    38 . ElectricityConsumption                                       ( CONTINUOUS )
    39 . ElectricityExports                                           ( CONTINUOUS )
    40 . ElectricityImports                                           ( CONTINUOUS )
    41 . ElectricityProduction                                        ( CONTINUOUS )
    42 . NaturalGasConsumption                                        ( CONTINUOUS )
    43 . NaturalGasExports                                            ( CONTINUOUS )
    44 . NaturalGasImports                                            ( CONTINUOUS )
    45 . NaturalGasProduction                                         ( CONTINUOUS )
    46 . NaturalGasReserves                                           ( CONTINUOUS )
    47 . OilConsumption                                               ( CONTINUOUS )
    48 . OilExports                                                   ( CONTINUOUS )
    49 . OilImports                                                   ( CONTINUOUS )
    50 . OilProduction                                                ( CONTINUOUS )
    51 . OilReserves                                                  ( CONTINUOUS )
 F----------------------------------------------------------------------------------------------------------------------------------
Z 
p 
B2CASES
 E----------------------------- NUMBER --------------WEIGHT ---------------
   WEIGHT OF CASES      : Weight of objects, uniform equal to 1.                  UNIF
   KEPT ............... NITOT =    192      PITOT =             192.000
   ACTIVE ............. NIACT =    192      PIACT =             192.000
   SUPPLEMENTARY ...... NISUP =      0      PISUP =               0.000
 F-------------------------------------------------------------------------
Z 
Z 
P 
a1PRINCIPAL COMPONENTS ANALYSIS                            
b2SUMMARY STATISTICS OF CONTINUOUS VARIABLES
 ETOTAL COUNT    :     192             TOTAL WEIGHT   :     192.00
 e+-------------------------------------------------------+----------------------+----------------------+
 e| NUM . IDEN - LABEL                  COUNT     WEIGHT  |      MEAN  STD.DEV.  |   MINIMUM   MAXIMUM  |
 e+-------------------------------------------------------+----------------------+----------------------+
  |  38 . Elec - ElectricityConsumpti     183     183.00  |      9.78      1.15  |      7.11     12.59  |
  |  39 . Elec - ElectricityExports        81      81.00  |      8.67      1.15  |      5.00     10.00  |
  |  40 . Elec - ElectricityImports        92      92.00  |      8.59      1.09  |      4.00     10.00  |
  |  41 . Elec - ElectricityProductio     184     184.00  |      9.83      1.16  |      7.15     12.62  |
  |  42 . Natu - NaturalGasConsumptio     106     106.00  |      9.18      0.97  |      7.00     11.00  |
  |  43 . Natu - NaturalGasExports         43      43.00  |      9.23      0.96  |      7.00     11.00  |
  |  44 . Natu - NaturalGasImports         63      63.00  |      9.14      0.81  |      7.00     11.00  |
  |  45 . Natu - NaturalGasProduction      90      90.00  |      9.03      1.18  |      6.00     11.00  |
  |  46 . Natu - NaturalGasReserves       100     100.00  |     11.05      1.18  |      7.43     13.65  |
  |  47 . OilC - OilConsumption           182     182.00  |      4.19      1.04  |      2.00      7.00  |
  |  48 . OilE - OilExports               128     128.00  |      4.17      1.32  |      1.00      6.00  |
  |  49 . OilI - OilImports               180     180.00  |      4.10      0.98  |      2.00      7.00  |
  |  50 . OilP - OilProduction            109     109.00  |      4.27      1.35  |      0.00      6.00  |
  |  51 . OilR - OilReserves               96      96.00  |      8.22      1.36  |      5.00     11.00  |
 f+-------------------------------------------------------+----------------------+----------------------+
Z 
p 
b2CORRELATION MATRIX
cE     |   Elec   Elec   Elec   Elec   Natu   Natu   Natu   Natu   Natu   OilC   OilE   OilI   OilP   OilR
  -----+--------------------------------------------------------------------------------------------------
  Elec |   1.00
  Elec |   0.23   1.00
  Elec |   0.34   0.53   1.00
  Elec |   0.98   0.25   0.34   1.00
  Natu |   0.36   0.12   0.17   0.36   1.00
  Natu |   0.03  -0.11  -0.05   0.03   0.10   1.00
  Natu |   0.23   0.16   0.19   0.23   0.57  -0.04   1.00
  Natu |   0.25   0.09   0.08   0.24   0.67   0.31   0.22   1.00
  Natu |   0.20   0.03   0.07   0.21   0.46   0.39   0.12   0.70   1.00
  OilC |   0.91   0.18   0.36   0.89   0.38   0.05   0.28   0.25   0.23   1.00
  OilE |   0.43   0.19   0.20   0.42   0.37   0.15   0.31   0.37   0.37   0.43   1.00
  OilI |   0.85   0.24   0.40   0.83   0.30  -0.04   0.29   0.11   0.02   0.83   0.35   1.00
  OilP |   0.24   0.03   0.09   0.22   0.40   0.20   0.33   0.46   0.49   0.30   0.57   0.12   1.00
  OilR |   0.18   0.04   0.06   0.18   0.31   0.31   0.15   0.51   0.70   0.22   0.48   0.01   0.57   1.00
  -----+--------------------------------------------------------------------------------------------------
 F     |   Elec   Elec   Elec   Elec   Natu   Natu   Natu   Natu   Natu   OilC   OilE   OilI   OilP   OilR
Z 
Z 
p 
b2TEST-VALUES MATRIX
cE     |   Elec   Elec   Elec   Elec   Natu   Natu   Natu   Natu   Natu   OilC   OilE   OilI   OilP   OilR
  -----+--------------------------------------------------------------------------------------------------
  Elec |  99.99
  Elec |   2.12  99.99
  Elec |   3.43   5.33  99.99
  Elec |  31.39   2.29   3.37  99.99
  Natu |   3.87   1.09   1.69   3.83  99.99
  Natu |   0.20  -0.74  -0.34   0.21   0.69  99.99
  Natu |   1.89   1.28   1.50   1.84   5.13  -0.25  99.99
  Natu |   2.38   0.85   0.76   2.36   7.75   2.07   1.75  99.99
  Natu |   2.01   0.24   0.64   2.09   4.92   2.71   0.98   8.27  99.99
  OilC |  21.00   1.62   3.62  19.29   4.10   0.34   2.25   2.43   2.30  99.99
  OilE |   5.20   1.75   1.95   5.01   4.00   1.00   2.54   3.66   3.90   5.23  99.99
  OilI |  16.80   2.16   4.06  16.12   3.22  -0.27   2.35   1.00   0.22  15.74   4.13  99.99
  OilP |   2.54   0.30   0.86   2.37   4.37   1.31   2.72   4.76   5.37   3.18   6.70   1.21  99.99
  OilR |   1.78   0.32   0.56   1.83   3.15   2.07   1.23   5.33   8.42   2.18   5.07   0.11   6.38  99.99
  -----+--------------------------------------------------------------------------------------------------
 F     |   Elec   Elec   Elec   Elec   Natu   Natu   Natu   Natu   Natu   OilC   OilE   OilI   OilP   OilR
Z 
Z 
P 
b2EIGENVALUES
X COMPUTATIONS PRECISION SUMMARY : TRACE BEFORE DIAGONALISATION..  14.0000
X                                  SUM OF EIGENVALUES............  14.0000
c2HISTOGRAM OF THE FIRST  14 EIGENVALUES
 e+--------+------------+-------------+-------------+----------------------------------------------------------------------------------+
 e| NUMBER | EIGENVALUE | PERCENTAGE  |  CUMULATED  |                                                                                  |
 e|        |            |             |  PERCENTAGE |                                                                                  |
 e+--------+------------+-------------+-------------+----------------------------------------------------------------------------------+
  |    1   |   5.2416   |     37.44   |     37.44   | ******************************************************************************** |
  |    2   |   2.7187   |     19.42   |     56.86   | ******************************************                                       |
  |    3   |   1.3325   |      9.52   |     66.38   | *********************                                                            |
  |    4   |   1.1196   |      8.00   |     74.37   | ******************                                                               |
  |    5   |   0.8823   |      6.30   |     80.68   | **************                                                                   |
  |    6   |   0.7041   |      5.03   |     85.71   | ***********                                                                      |
  |    7   |   0.4941   |      3.53   |     89.24   | ********                                                                         |
  |    8   |   0.4329   |      3.09   |     92.33   | *******                                                                          |
  |    9   |   0.3712   |      2.65   |     94.98   | ******                                                                           |
  |   10   |   0.2298   |      1.64   |     96.62   | ****                                                                             |
  |   11   |   0.1849   |      1.32   |     97.94   | ***                                                                              |
  |   12   |   0.1611   |      1.15   |     99.09   | ***                                                                              |
  |   13   |   0.1103   |      0.79   |     99.88   | **                                                                               |
  |   14   |   0.0168   |      0.12   |    100.00   | *                                                                                |
 f+--------+------------+-------------+-------------+----------------------------------------------------------------------------------+
Z
p 
c2RESEARCH OF IRREGULARITIES (THIRD DIFFERENCES)
 e+--------------+--------------+------------------------------------------------------+
 e| IRREGULARITY | IRREGULARITY |                                                      |
 e|    BETWEEN   |    VALUE     |                                                      |
 e+--------------+--------------+------------------------------------------------------+
  |    2  --  3  |    -1197.80  | **************************************************** |
  |    6  --  7  |     -149.30  | *******                                              |
  |    4  --  5  |      -90.79  | ****                                                 |
  |    9  -- 10  |      -79.01  | ****                                                 |
 f+--------------+--------------+------------------------------------------------------+
Z 
p 
c2RESEARCH OF IRREGULARITIES (SECOND DIFFERENCES)
 e+--------------+--------------+------------------------------------------------------+
 e| IRREGULARITY | IRREGULARITY |                                                      |
 e|    BETWEEN   |    VALUE     |                                                      |
 e+--------------+--------------+------------------------------------------------------+
  |    2  --  3  |     1173.36  | **************************************************** |
  |    1  --  2  |     1136.72  | ***************************************************  |
  |    6  --  7  |      148.75  | *******                                              |
  |    9  -- 10  |       96.39  | *****                                                |
  |    4  --  5  |       59.07  | ***                                                  |
  |   10  -- 11  |       21.12  | *                                                    |
 f+--------------+--------------+------------------------------------------------------+
Z 
p 
b2ANDERSON'S LAPLACE INTERVALS
c2WITH 0.95 THRESHOLD
 e+--------+--------------------------------------------------------+
 e| NUMBER |   LOWER LIMIT         EIGENVALUE         UPPER LIMIT   |
 e+--------+--------------------------------------------------------+
  |    1   |      4.1903             5.2416             6.2929      |
  |    2   |      2.1734             2.7187             3.2640      |
  |    3   |      1.0652             1.3325             1.5997      |
  |    4   |      0.8951             1.1196             1.3442      |
  |    5   |      0.7054             0.8823             1.0593      |
 f+--------+--------------------------------------------------------+
Z 
p 
c2LENGTH AND RELATIVE POSITION OF INTERVALS
  1 . . . . . . . . . . . . . . . . . . . . . . . . . . . . . . . . . . . . . . . .*-----------------------+------------------------*
  2 . . . . . . . . . . . . . . . . .*------------+-----------* . . . . . . . . . . . . . . . . . . . . . . . . . . . . . . . . . . .
  3 . . . . *-----+-----* . . . . . . . . . . . . . . . . . . . . . . . . . . . . . . . . . . . . . . . . . . . . . . . . . . . . . .
  4 . . *----+----* . . . . . . . . . . . . . . . . . . . . . . . . . . . . . . . . . . . . . . . . . . . . . . . . . . . . . . . . .
  5 *---+---* . . . . . . . . . . . . . . . . . . . . . . . . . . . . . . . . . . . . . . . . . . . . . . . . . . . . . . . . . . . .
 F
Z 
Z 
P 
b2COORDINATES OF VARIABLES ON  AXES  1 TO  5
c2ACTIVE VARIABLES
 e----------------------------+------------------------------------+-------------------------------+-------------------------------
 e         VARIABLES          |             COORDINATES            | VARIABLE-FACTOR CORRELATIONS  |    NORMED EIGENVECTORS
 e----------------------------+------------------------------------+-------------------------------+-------------------------------
 eIDEN - SHORT LABEL          |    1      2      3      4      5   |    1     2     3     4     5  |    1     2     3     4     5
 e----------------------------+------------------------------------+-------------------------------+-------------------------------
  Elec - ElectricityConsumpti |   0.83   0.44   0.27   0.01  -0.02 |  0.83  0.44  0.27  0.01 -0.02 |  0.36  0.27  0.24  0.01 -0.02
  Elec - ElectricityExports   |   0.31   0.27  -0.64   0.47  -0.05 |  0.31  0.27 -0.64  0.47 -0.05 |  0.13  0.16 -0.56  0.44 -0.05
  Elec - ElectricityImports   |   0.43   0.34  -0.50   0.43  -0.08 |  0.43  0.34 -0.50  0.43 -0.08 |  0.19  0.21 -0.43  0.41 -0.09
  Elec - ElectricityProductio |   0.82   0.44   0.26   0.02  -0.03 |  0.82  0.44  0.26  0.02 -0.03 |  0.36  0.27  0.23  0.02 -0.04
  Natu - NaturalGasConsumptio |   0.66  -0.27  -0.26  -0.42  -0.36 |  0.66 -0.27 -0.26 -0.42 -0.36 |  0.29 -0.16 -0.23 -0.39 -0.38
  Natu - NaturalGasExports    |   0.20  -0.46   0.36   0.32  -0.30 |  0.20 -0.46  0.36  0.32 -0.30 |  0.09 -0.28  0.31  0.30 -0.32
  Natu - NaturalGasImports    |   0.47  -0.04  -0.46  -0.58   0.01 |  0.47 -0.04 -0.46 -0.58  0.01 |  0.20 -0.02 -0.40 -0.55  0.01
  Natu - NaturalGasProduction |   0.59  -0.56  -0.06  -0.02  -0.37 |  0.59 -0.56 -0.06 -0.02 -0.37 |  0.26 -0.34 -0.06 -0.01 -0.39
  Natu - NaturalGasReserves   |   0.55  -0.65   0.08   0.20  -0.16 |  0.55 -0.65  0.08  0.20 -0.16 |  0.24 -0.39  0.07  0.19 -0.17
  OilC - OilConsumption       |   0.83   0.39   0.26  -0.02   0.01 |  0.83  0.39  0.26 -0.02  0.01 |  0.36  0.24  0.22 -0.02  0.01
  OilE - OilExports           |   0.68  -0.19  -0.06   0.03   0.48 |  0.68 -0.19 -0.06  0.03  0.48 |  0.29 -0.11 -0.05  0.03  0.52
  OilI - OilImports           |   0.71   0.58   0.16  -0.06  -0.04 |  0.71  0.58  0.16 -0.06 -0.04 |  0.31  0.35  0.14 -0.06 -0.04
  OilP - OilProduction        |   0.57  -0.48  -0.07  -0.08   0.44 |  0.57 -0.48 -0.07 -0.08  0.44 |  0.25 -0.29 -0.06 -0.07  0.47
  OilR - OilReserves          |   0.52  -0.61   0.06   0.22   0.25 |  0.52 -0.61  0.06  0.22  0.25 |  0.23 -0.37  0.05  0.21  0.27
 f----------------------------+------------------------------------+-------------------------------+-------------------------------
Z 
P 
b2COORDINATES AND TEST-VALUES OF CATEGORIES
c2AXES  1 TO  5
 e+---------------------------------------------+-------------------------------+------------------------------------+----------+
 e|                 CATEGORIES                  |          TEST-VALUES          |             COORDINATES            |          |
 e|---------------------------------------------|-------------------------------|------------------------------------|----------|
 e| IDEN - LABEL                COUNT   ABS.WT  |   1     2     3     4     5   |    1      2      3      4      5   |  DISTO.  |
 e+---------------------------------------------+-------------------------------+------------------------------------+----------+
DE|    2 . Continent                                                                                                            |
  | m1   - Africa                 53     53.00  |  -4.4  -2.9  -1.7   0.0   1.5 |  -1.18  -0.56  -0.23   0.00   0.17 |     1.85 |
  | m2   - Asia                   48     48.00  |   3.8  -0.9   3.1  -0.6  -0.8 |   1.08  -0.18   0.44  -0.07  -0.09 |     1.50 |
  | m3   - Europe                 42     42.00  |   2.2   6.5  -2.4   1.7  -0.9 |   0.67   1.47  -0.38   0.25  -0.12 |     2.90 |
  | m4   - NorthAmerica           23     23.00  |  -0.8  -1.6   0.5  -1.6  -0.5 |  -0.35  -0.51   0.12  -0.33  -0.10 |     0.67 |
  | m5   - Oceania                14     14.00  |  -1.8  -1.8  -1.8   0.3   0.0 |  -1.04  -0.78  -0.55   0.07  -0.01 |     2.15 |
  | m6   - SouthAmerica           12     12.00  |   0.7  -0.1   2.9  -0.1   0.9 |   0.42  -0.07   0.94  -0.04   0.24 |     1.75 |
 F+---------------------------------------------+-------------------------------+------------------------------------+----------+
Z 
Z 
Z 
P 
