a1SELECTION OF CASES AND VARIABLES                         
b2SUPPLEMENTARY CATEGORICAL VARIABLES
X      1 VARIABLES       6 ASSOCIATED CATEGORIES
 E----------------------------------------------------------------------------------------------------------------------------------
     2 . Continent                                                    (   6 CATEGORIES )
 F----------------------------------------------------------------------------------------------------------------------------------
b2ACTIVE CONTINUOUS VARIABLES
X     13 VARIABLES
 E----------------------------------------------------------------------------------------------------------------------------------
    69 . ArableLandArea                                               ( CONTINUOUS )
    70 . ArableLandFraction                                           ( CONTINUOUS )
    71 . Area                                                         ( CONTINUOUS )
    72 . BoundaryLength                                               ( CONTINUOUS )
    73 . CoastlineLength                                              ( CONTINUOUS )
    74 . CropsLandArea                                                ( CONTINUOUS )
    75 . CropsLandFraction                                            ( CONTINUOUS )
    76 . HighestElevation                                             ( CONTINUOUS )
    77 . IrrigatedLandArea                                            ( CONTINUOUS )
    78 . IrrigatedLandFraction                                        ( CONTINUOUS )
    79 . LandArea                                                     ( CONTINUOUS )
    80 . LowestElevation                                              ( CONTINUOUS )
    81 . WaterArea                                                    ( CONTINUOUS )
 F----------------------------------------------------------------------------------------------------------------------------------
Z 
p 
B2CASES
 E----------------------------- NUMBER --------------WEIGHT ---------------
   WEIGHT OF CASES      : Weight of objects, uniform equal to 1.                  UNIF
   KEPT ............... NITOT =    192      PITOT =             192.000
   ACTIVE ............. NIACT =    192      PIACT =             192.000
   SUPPLEMENTARY ...... NISUP =      0      PISUP =               0.000
 F-------------------------------------------------------------------------
Z 
Z 
P 
a1PRINCIPAL COMPONENTS ANALYSIS                            
b2SUMMARY STATISTICS OF CONTINUOUS VARIABLES
 ETOTAL COUNT    :     192             TOTAL WEIGHT   :     192.00
 e+-------------------------------------------------------+----------------------+----------------------+
 e| NUM . IDEN - LABEL                  COUNT     WEIGHT  |      MEAN  STD.DEV.  |   MINIMUM   MAXIMUM  |
 e+-------------------------------------------------------+----------------------+----------------------+
  |  69 . Arab - ArableLandArea           190     190.00  |      3.39      1.25  |      0.00      6.00  |
  |  70 . Arab - ArableLandFraction       192     192.00  |      0.15      0.14  |      0.00      0.67  |
  |  71 . Area - Area                     192     192.00  |      4.39      1.25  |      0.00      7.00  |
  |  72 . Boun - BoundaryLength           192     192.00  |      2.83      0.67  |      0.00      5.00  |
  |  73 . Coas - CoastlineLength          150     150.00  |      2.48      0.81  |      0.00      5.00  |
  |  74 . Crop - CropsLandArea            182     182.00  |      3.06      0.94  |      0.86      5.11  |
  |  75 . Crop - CropsLandFraction        182     182.00  |     -1.90      0.83  |     -4.00     -0.18  |
  |  76 . High - HighestElevation         192     192.00  |   2729.79   2008.44  |      2.00   8850.00  |
  |  77 . Irri - IrrigatedLandArea        163     163.00  |      2.67      1.08  |      1.00      5.00  |
  |  78 . Irri - IrrigatedLandFractio     164     164.00  |      0.03      0.05  |      0.00      0.36  |
  |  79 . Land - LandArea                 192     192.00  |      4.37      1.24  |      0.00      7.00  |
  |  80 . Lowe - LowestElevation           37      37.00  |      1.59      0.59  |      0.00      3.00  |
  |  81 . Wate - WaterArea                147     147.00  |      3.02      0.95  |      1.00      5.00  |
 f+-------------------------------------------------------+----------------------+----------------------+
Z 
p 
b2CORRELATION MATRIX
cE     |   Arab   Arab   Area   Boun   Coas   Crop   Crop   High   Irri   Irri   Land   Lowe   Wate
  -----+-------------------------------------------------------------------------------------------
  Arab |   1.00
  Arab |   0.26   1.00
  Area |   0.79  -0.08   1.00
  Boun |   0.64  -0.05   0.77   1.00
  Coas |   0.35  -0.12   0.46   0.63   1.00
  Crop |   0.69   0.12   0.58   0.54   0.41   1.00
  Crop |  -0.32   0.29  -0.50  -0.27  -0.12   0.23   1.00
  High |   0.51  -0.10   0.53   0.46   0.39   0.56  -0.10   1.00
  Irri |   0.51   0.10   0.38   0.41   0.46   0.54   0.01   0.52   1.00
  Irri |   0.07   0.39  -0.11  -0.02   0.02   0.13   0.29   0.13   0.44   1.00
  Land |   0.79  -0.08   1.00   0.77   0.46   0.58  -0.50   0.54   0.39  -0.10   1.00
  Lowe |  -0.03  -0.14   0.01  -0.04   0.00  -0.07  -0.09   0.09  -0.13  -0.07   0.02   1.00
  Wate |   0.43  -0.03   0.44   0.38   0.29   0.31  -0.30   0.40   0.34  -0.03   0.43   0.06   1.00
  -----+-------------------------------------------------------------------------------------------
 F     |   Arab   Arab   Area   Boun   Coas   Crop   Crop   High   Irri   Irri   Land   Lowe   Wate
Z 
Z 
p 
b2TEST-VALUES MATRIX
cE     |   Arab   Arab   Area   Boun   Coas   Crop   Crop   High   Irri   Irri   Land   Lowe   Wate
  -----+-------------------------------------------------------------------------------------------
  Arab |  99.99
  Arab |   3.69  99.99
  Area |  14.64  -1.07  99.99
  Boun |  10.52  -0.64  14.20  99.99
  Coas |   4.53  -1.44   6.04   9.01  99.99
  Crop |  11.42   1.59   8.94   8.24   5.33  99.99
  Crop |  -4.54   4.08  -7.33  -3.77  -1.47   3.15  99.99
  High |   7.73  -1.35   8.23   6.82   5.07   8.51  -1.40  99.99
  Irri |   7.16   1.28   5.15   5.58   6.07   7.68   0.08   7.32  99.99
  Irri |   0.86   5.34  -1.36  -0.29   0.26   1.66   3.83   1.61   5.97  99.99
  Land |  14.67  -1.08  41.57  14.21   6.07   8.92  -7.35   8.32   5.24  -1.30  99.99
  Lowe |  -0.21  -0.88   0.05  -0.27   0.00  -0.43  -0.57   0.53  -0.80  -0.44   0.11  99.99
  Wate |   5.65  -0.40   5.72   4.87   3.65   3.84  -3.76   5.08   4.29  -0.42   5.61   0.36  99.99
  -----+-------------------------------------------------------------------------------------------
 F     |   Arab   Arab   Area   Boun   Coas   Crop   Crop   High   Irri   Irri   Land   Lowe   Wate
Z 
Z 
P 
b2EIGENVALUES
X COMPUTATIONS PRECISION SUMMARY : TRACE BEFORE DIAGONALISATION..  13.0000
X                                  SUM OF EIGENVALUES............  13.0000
c2HISTOGRAM OF THE FIRST  13 EIGENVALUES
 e+--------+------------+-------------+-------------+----------------------------------------------------------------------------------+
 e| NUMBER | EIGENVALUE | PERCENTAGE  |  CUMULATED  |                                                                                  |
 e|        |            |             |  PERCENTAGE |                                                                                  |
 e+--------+------------+-------------+-------------+----------------------------------------------------------------------------------+
  |    1   |   5.3583   |     41.22   |     41.22   | ******************************************************************************** |
  |    2   |   2.0811   |     16.01   |     57.23   | ********************************                                                 |
  |    3   |   1.1106   |      8.54   |     65.77   | *****************                                                                |
  |    4   |   0.9895   |      7.61   |     73.38   | ***************                                                                  |
  |    5   |   0.8743   |      6.73   |     80.11   | **************                                                                   |
  |    6   |   0.7233   |      5.56   |     85.67   | ***********                                                                      |
  |    7   |   0.6473   |      4.98   |     90.65   | **********                                                                       |
  |    8   |   0.3883   |      2.99   |     93.64   | ******                                                                           |
  |    9   |   0.3669   |      2.82   |     96.46   | ******                                                                           |
  |   10   |   0.2204   |      1.70   |     98.15   | ****                                                                             |
  |   11   |   0.1654   |      1.27   |     99.43   | ***                                                                              |
  |   12   |   0.0698   |      0.54   |     99.96   | **                                                                               |
  |   13   |   0.0048   |      0.04   |    100.00   | *                                                                                |
 f+--------+------------+-------------+-------------+----------------------------------------------------------------------------------+
Z
p 
c2RESEARCH OF IRREGULARITIES (THIRD DIFFERENCES)
 e+--------------+--------------+------------------------------------------------------+
 e| IRREGULARITY | IRREGULARITY |                                                      |
 e|    BETWEEN   |    VALUE     |                                                      |
 e+--------------+--------------+------------------------------------------------------+
  |    1  --  2  |    -1457.03  | **************************************************** |
  |    2  --  3  |     -843.78  | *******************************                      |
  |    7  --  8  |     -362.63  | *************                                        |
  |    5  --  6  |      -41.54  | **                                                   |
 f+--------------+--------------+------------------------------------------------------+
Z 
p 
c2RESEARCH OF IRREGULARITIES (SECOND DIFFERENCES)
 e+--------------+--------------+------------------------------------------------------+
 e| IRREGULARITY | IRREGULARITY |                                                      |
 e|    BETWEEN   |    VALUE     |                                                      |
 e+--------------+--------------+------------------------------------------------------+
  |    1  --  2  |     2306.58  | **************************************************** |
  |    2  --  3  |      849.55  | ********************                                 |
  |    7  --  8  |      237.60  | ******                                               |
  |    9  -- 10  |       91.43  | ***                                                  |
  |    5  --  6  |       75.00  | **                                                   |
  |    3  --  4  |        5.78  | *                                                    |
 f+--------------+--------------+------------------------------------------------------+
Z 
p 
b2ANDERSON'S LAPLACE INTERVALS
c2WITH 0.95 THRESHOLD
 e+--------+--------------------------------------------------------+
 e| NUMBER |   LOWER LIMIT         EIGENVALUE         UPPER LIMIT   |
 e+--------+--------------------------------------------------------+
  |    1   |      4.2836             5.3583             6.4330      |
  |    2   |      1.6637             2.0811             2.4985      |
  |    3   |      0.8878             1.1106             1.3333      |
  |    4   |      0.7911             0.9895             1.1880      |
  |    5   |      0.6989             0.8743             1.0496      |
 f+--------+--------------------------------------------------------+
Z 
p 
c2LENGTH AND RELATIVE POSITION OF INTERVALS
  1 . . . . . . . . . . . . . . . . . . . . . . . . . . . . . . . . . . . . . . . . *-----------------------+----------------------*.
  2 . . . . . . . . . . .*--------+---------* . . . . . . . . . . . . . . . . . . . . . . . . . . . . . . . . . . . . . . . . . . . .
  3 . . *----+----* . . . . . . . . . . . . . . . . . . . . . . . . . . . . . . . . . . . . . . . . . . . . . . . . . . . . . . . . .
  4 . *---+---* . . . . . . . . . . . . . . . . . . . . . . . . . . . . . . . . . . . . . . . . . . . . . . . . . . . . . . . . . . .
  5 *--+---*. . . . . . . . . . . . . . . . . . . . . . . . . . . . . . . . . . . . . . . . . . . . . . . . . . . . . . . . . . . . .
 F
Z 
Z 
P 
b2COORDINATES OF VARIABLES ON  AXES  1 TO  5
c2ACTIVE VARIABLES
 e----------------------------+------------------------------------+-------------------------------+-------------------------------
 e         VARIABLES          |             COORDINATES            | VARIABLE-FACTOR CORRELATIONS  |    NORMED EIGENVECTORS
 e----------------------------+------------------------------------+-------------------------------+-------------------------------
 eIDEN - SHORT LABEL          |    1      2      3      4      5   |    1     2     3     4     5  |    1     2     3     4     5
 e----------------------------+------------------------------------+-------------------------------+-------------------------------
  Arab - ArableLandArea       |   0.86  -0.11  -0.31  -0.17   0.13 |  0.86 -0.11 -0.31 -0.17  0.13 |  0.37 -0.07 -0.30 -0.17  0.14
  Arab - ArableLandFraction   |  -0.01  -0.64  -0.55  -0.32   0.14 | -0.01 -0.64 -0.55 -0.32  0.14 | -0.01 -0.44 -0.52 -0.32  0.15
  Area - Area                 |   0.91   0.23  -0.19  -0.01   0.09 |  0.91  0.23 -0.19 -0.01  0.09 |  0.39  0.16 -0.18 -0.01  0.10
  Boun - BoundaryLength       |   0.84   0.08  -0.03   0.19   0.07 |  0.84  0.08 -0.03  0.19  0.07 |  0.36  0.05 -0.03  0.19  0.08
  Coas - CoastlineLength      |   0.63  -0.02   0.35   0.33  -0.10 |  0.63 -0.02  0.35  0.33 -0.10 |  0.27 -0.02  0.33  0.33 -0.11
  Crop - CropsLandArea        |   0.73  -0.39   0.11   0.13   0.41 |  0.73 -0.39  0.11  0.13  0.41 |  0.32 -0.27  0.10  0.13  0.43
  Crop - CropsLandFraction    |  -0.35  -0.70   0.28   0.20   0.42 | -0.35 -0.70  0.28  0.20  0.42 | -0.15 -0.49  0.26  0.20  0.45
  High - HighestElevation     |   0.70  -0.12   0.36  -0.10   0.00 |  0.70 -0.12  0.36 -0.10  0.00 |  0.30 -0.08  0.34 -0.10  0.00
  Irri - IrrigatedLandArea    |   0.63  -0.48   0.22   0.03  -0.36 |  0.63 -0.48  0.22  0.03 -0.36 |  0.27 -0.33  0.21  0.03 -0.38
  Irri - IrrigatedLandFractio |   0.04  -0.75   0.06  -0.27  -0.37 |  0.04 -0.75  0.06 -0.27 -0.37 |  0.02 -0.52  0.06 -0.27 -0.40
  Land - LandArea             |   0.91   0.23  -0.18  -0.02   0.09 |  0.91  0.23 -0.18 -0.02  0.09 |  0.39  0.16 -0.17 -0.02  0.10
  Lowe - LowestElevation      |  -0.01   0.28   0.50  -0.71   0.31 | -0.01  0.28  0.50 -0.71  0.31 |  0.00  0.20  0.47 -0.72  0.33
  Wate - WaterArea            |   0.57   0.12   0.06  -0.26  -0.32 |  0.57  0.12  0.06 -0.26 -0.32 |  0.25  0.08  0.06 -0.27 -0.34
 f----------------------------+------------------------------------+-------------------------------+-------------------------------
Z 
P 
b2COORDINATES AND TEST-VALUES OF CATEGORIES
c2AXES  1 TO  5
 e+---------------------------------------------+-------------------------------+------------------------------------+----------+
 e|                 CATEGORIES                  |          TEST-VALUES          |             COORDINATES            |          |
 e|---------------------------------------------|-------------------------------|------------------------------------|----------|
 e| IDEN - LABEL                COUNT   ABS.WT  |   1     2     3     4     5   |    1      2      3      4      5   |  DISTO.  |
 e+---------------------------------------------+-------------------------------+------------------------------------+----------+
DE|    2 . Continent                                                                                                            |
  | m1   - Africa                 53     53.00  |   0.5   4.5  -2.9  -2.3   3.4 |   0.14   0.76  -0.35  -0.27   0.37 |     0.98 |
  | m2   - Asia                   48     48.00  |   2.7  -2.9   3.3  -0.9  -3.2 |   0.78  -0.53   0.43  -0.11  -0.37 |     1.41 |
  | m3   - Europe                 42     42.00  |  -1.4  -1.9  -4.1  -0.3  -0.7 |  -0.45  -0.37  -0.59  -0.04  -0.09 |     0.90 |
  | m4   - NorthAmerica           23     23.00  |  -2.2  -0.6   1.9   1.5   1.4 |  -1.02  -0.16   0.38   0.29   0.26 |     1.46 |
  | m5   - Oceania                14     14.00  |  -3.0  -0.9   3.2   2.8   0.0 |  -1.82  -0.34   0.88   0.71  -0.01 |     5.13 |
  | m6   - SouthAmerica           12     12.00  |   2.9   1.9   0.4   1.4  -1.2 |   1.91   0.76   0.12   0.40  -0.30 |     4.98 |
 F+---------------------------------------------+-------------------------------+------------------------------------+----------+
Z 
Z 
Z 
P 
