a1SELECTION OF CASES AND VARIABLES                         
b2SUPPLEMENTARY CATEGORICAL VARIABLES
X      1 VARIABLES       6 ASSOCIATED CATEGORIES
 E----------------------------------------------------------------------------------------------------------------------------------
     2 . Continent                                                    (   6 CATEGORIES )
 F----------------------------------------------------------------------------------------------------------------------------------
b2ACTIVE CONTINUOUS VARIABLES
X     17 VARIABLES
 E----------------------------------------------------------------------------------------------------------------------------------
    52 . Airports                                                     ( CONTINUOUS )
    53 . AMRadioStations                                              ( CONTINUOUS )
    54 . CellularPhones                                               ( CONTINUOUS )
    55 . FMRadioStations                                              ( CONTINUOUS )
    56 . InternetHosts                                                ( CONTINUOUS )
    57 . InternetUsers                                                ( CONTINUOUS )
    58 . MerchantShips                                                ( CONTINUOUS )
    59 . MerchantShipsDeadWeight                                      ( CONTINUOUS )
    60 . MerchantShipsGross                                           ( CONTINUOUS )
    61 . PavedAirports                                                ( CONTINUOUS )
    62 . PhoneLines                                                   ( CONTINUOUS )
    63 . RadioStations                                                ( CONTINUOUS )
    64 . RailwayLength                                                ( CONTINUOUS )
    65 . RoadLength                                                   ( CONTINUOUS )
    66 . ShortWaveRadioStations                                       ( CONTINUOUS )
    67 . TelevisionStations                                           ( CONTINUOUS )
    68 . UnpavedAirports                                              ( CONTINUOUS )
 F----------------------------------------------------------------------------------------------------------------------------------
Z 
p 
B2CASES
 E----------------------------- NUMBER --------------WEIGHT ---------------
   WEIGHT OF CASES      : Weight of objects, uniform equal to 1.                  UNIF
   KEPT ............... NITOT =    192      PITOT =             192.000
   ACTIVE ............. NIACT =    192      PIACT =             192.000
   SUPPLEMENTARY ...... NISUP =      0      PISUP =               0.000
 F-------------------------------------------------------------------------
Z 
Z 
P 
a1PRINCIPAL COMPONENTS ANALYSIS                            
b2SUMMARY STATISTICS OF CONTINUOUS VARIABLES
 ETOTAL COUNT    :     192             TOTAL WEIGHT   :     192.00
 e+-------------------------------------------------------+----------------------+----------------------+
 e| NUM . IDEN - LABEL                  COUNT     WEIGHT  |      MEAN  STD.DEV.  |   MINIMUM   MAXIMUM  |
 e+-------------------------------------------------------+----------------------+----------------------+
  |  52 . Airp - Airports                 188     188.00  |      1.15      0.78  |      0.00      4.00  |
  |  53 . AMRa - AMRadioStations          171     171.00  |      0.63      0.77  |      0.00      3.00  |
  |  54 . Cell - CellularPhones           191     191.00  |      5.94      1.08  |      2.00      8.00  |
  |  55 . FMRa - FMRadioStations          182     182.00  |      0.87      0.77  |      0.00      3.00  |
  |  56 . Inte - InternetHosts            191     191.00  |      3.74      1.83  |      0.00      8.00  |
  |  57 . Inte - InternetUsers            190     190.00  |      5.35      1.09  |      2.00      8.00  |
  |  58 . Merc - MerchantShips            148     148.00  |      1.05      0.88  |      0.00      3.00  |
  |  59 . Merc - MerchantShipsDeadWei     143     143.00  |      5.01      1.31  |      2.00      8.00  |
  |  60 . Merc - MerchantShipsGross       143     143.00  |      4.92      1.19  |      3.00      8.00  |
  |  61 . Pave - PavedAirports            187     187.00  |      0.73      0.68  |      0.00      3.00  |
  |  62 . Phon - PhoneLines               192     192.00  |      5.18      1.10  |      3.00      8.00  |
  |  63 . Radi - RadioStations            192     192.00  |      1.13      0.80  |      0.00      4.00  |
  |  64 . Rail - RailwayLength            134     134.00  |      2.75      0.83  |      0.00      5.00  |
  |  65 . Road - RoadLength               192     192.00  |      3.83      1.00  |      0.00      6.00  |
  |  66 . Shor - ShortWaveRadioStatio     144     144.00  |      0.19      0.42  |      0.00      2.00  |
  |  67 . Tele - TelevisionStations       186     186.00  |      0.65      0.76  |      0.00      3.00  |
  |  68 . Unpa - UnpavedAirports          174     174.00  |      0.98      0.70  |      0.00      3.00  |
 f+-------------------------------------------------------+----------------------+----------------------+
Z 
p 
b2CORRELATION MATRIX
cE     |   Airp   AMRa   Cell   FMRa   Inte   Inte   Merc   Merc   Merc   Pave   Phon   Radi   Rail   Road   Shor   Tele   Unpa
  -----+-----------------------------------------------------------------------------------------------------------------------
  Airp |   1.00
  AMRa |   0.66   1.00
  Cell |   0.59   0.55   1.00
  FMRa |   0.54   0.50   0.54   1.00
  Inte |   0.49   0.47   0.58   0.62   1.00
  Inte |   0.62   0.59   0.82   0.61   0.69   1.00
  Merc |   0.16   0.23   0.16   0.31   0.23   0.25   1.00
  Merc |   0.16   0.20   0.22   0.30   0.27   0.30   0.83   1.00
  Merc |   0.19   0.21   0.23   0.33   0.29   0.34   0.82   0.94   1.00
  Pave |   0.77   0.62   0.65   0.49   0.62   0.71   0.24   0.31   0.33   1.00
  Phon |   0.62   0.59   0.81   0.59   0.71   0.89   0.28   0.33   0.35   0.73   1.00
  Radi |   0.66   0.68   0.70   0.81   0.65   0.72   0.31   0.26   0.31   0.65   0.72   1.00
  Rail |   0.37   0.33   0.39   0.32   0.44   0.48   0.17   0.21   0.21   0.47   0.47   0.39   1.00
  Road |   0.68   0.53   0.83   0.55   0.53   0.75   0.22   0.22   0.26   0.65   0.75   0.69   0.43   1.00
  Shor |   0.38   0.54   0.30   0.26   0.26   0.29   0.15   0.11   0.08   0.37   0.30   0.40   0.19   0.26   1.00
  Tele |   0.59   0.55   0.60   0.63   0.72   0.71   0.37   0.38   0.40   0.66   0.74   0.67   0.54   0.60   0.25   1.00
  Unpa |   0.74   0.48   0.37   0.36   0.33   0.41   0.05   0.07   0.09   0.55   0.38   0.46   0.27   0.43   0.36   0.36   1.00
  -----+-----------------------------------------------------------------------------------------------------------------------
 F     |   Airp   AMRa   Cell   FMRa   Inte   Inte   Merc   Merc   Merc   Pave   Phon   Radi   Rail   Road   Shor   Tele   Unpa
Z 
Z 
p 
b2TEST-VALUES MATRIX
cE     |   Airp   AMRa   Cell   FMRa   Inte   Inte   Merc   Merc   Merc   Pave   Phon   Radi   Rail   Road   Shor   Tele   Unpa
  -----+-----------------------------------------------------------------------------------------------------------------------
  Airp |  99.99
  AMRa |  10.48  99.99
  Cell |   9.21   8.01  99.99
  FMRa |   8.09   7.11   8.24  99.99
  Inte |   7.42   6.72   9.12   9.68  99.99
  Inte |   9.85   8.81  15.94   9.63  11.78  99.99
  Merc |   1.96   2.79   1.96   3.93   2.79   3.14  99.99
  Merc |   1.98   2.44   2.68   3.67   3.32   3.69  14.04  99.99
  Merc |   2.28   2.61   2.79   4.05   3.60   4.21  13.68  20.62  99.99
  Pave |  13.83   9.58  10.49   7.31   9.96  12.07   3.02   3.79   4.05  99.99
  Phon |   9.86   8.84  15.56   9.24  12.18  19.49   3.56   4.13   4.42  12.56  99.99
  Radi |  10.76  10.77  11.95  15.24  10.68  12.52   3.87   3.23   3.77  10.60  12.45  99.99
  Rail |   4.46   4.00   4.75   3.87   5.50   6.08   2.03   2.44   2.50   5.85   5.91   4.74  99.99
  Road |  11.34   7.76  16.47   8.30   8.18  13.46   2.71   2.62   3.24  10.52  13.63  11.83   5.27  99.99
  Shor |   4.82   7.22   3.70   3.19   3.16   3.61   1.79   1.26   0.93   4.61   3.71   5.03   2.18   3.13  99.99
  Tele |   9.21   8.08   9.44  10.10  12.30  12.14   4.71   4.83   5.06  10.92  12.90  10.97   6.96   9.56   3.09  99.99
  Unpa |  12.58   6.86   5.12   4.98   4.54   5.77   0.59   0.82   1.02   8.15   5.33   6.54   3.20   6.13   4.57   4.93  99.99
  -----+-----------------------------------------------------------------------------------------------------------------------
 F     |   Airp   AMRa   Cell   FMRa   Inte   Inte   Merc   Merc   Merc   Pave   Phon   Radi   Rail   Road   Shor   Tele   Unpa
Z 
Z 
P 
b2EIGENVALUES
X COMPUTATIONS PRECISION SUMMARY : TRACE BEFORE DIAGONALISATION..  17.0000
X                                  SUM OF EIGENVALUES............  17.0000
c2HISTOGRAM OF THE FIRST  17 EIGENVALUES
 e+--------+------------+-------------+-------------+----------------------------------------------------------------------------------+
 e| NUMBER | EIGENVALUE | PERCENTAGE  |  CUMULATED  |                                                                                  |
 e|        |            |             |  PERCENTAGE |                                                                                  |
 e+--------+------------+-------------+-------------+----------------------------------------------------------------------------------+
  |    1   |   8.7223   |     51.31   |     51.31   | ******************************************************************************** |
  |    2   |   2.3985   |     14.11   |     65.42   | **********************                                                           |
  |    3   |   1.2073   |      7.10   |     72.52   | ************                                                                     |
  |    4   |   0.8108   |      4.77   |     77.29   | ********                                                                         |
  |    5   |   0.7648   |      4.50   |     81.79   | ********                                                                         |
  |    6   |   0.6880   |      4.05   |     85.83   | *******                                                                          |
  |    7   |   0.4876   |      2.87   |     88.70   | *****                                                                            |
  |    8   |   0.3953   |      2.33   |     91.03   | ****                                                                             |
  |    9   |   0.2788   |      1.64   |     92.67   | ***                                                                              |
  |   10   |   0.2635   |      1.55   |     94.22   | ***                                                                              |
  |   11   |   0.2294   |      1.35   |     95.57   | ***                                                                              |
  |   12   |   0.1953   |      1.15   |     96.72   | **                                                                               |
  |   13   |   0.1581   |      0.93   |     97.65   | **                                                                               |
  |   14   |   0.1272   |      0.75   |     98.39   | **                                                                               |
  |   15   |   0.1142   |      0.67   |     99.07   | **                                                                               |
  |   16   |   0.1072   |      0.63   |     99.70   | *                                                                                |
  |   17   |   0.0517   |      0.30   |    100.00   | *                                                                                |
 f+--------+------------+-------------+-------------+----------------------------------------------------------------------------------+
Z
p 
c2RESEARCH OF IRREGULARITIES (THIRD DIFFERENCES)
 e+--------------+--------------+------------------------------------------------------+
 e| IRREGULARITY | IRREGULARITY |                                                      |
 e|    BETWEEN   |    VALUE     |                                                      |
 e+--------------+--------------+------------------------------------------------------+
  |    1  --  2  |    -4338.09  | **************************************************** |
  |    2  --  3  |     -444.08  | ******                                               |
  |    3  --  4  |     -381.36  | *****                                                |
  |    6  --  7  |     -132.16  | **                                                   |
  |    8  --  9  |     -120.03  | **                                                   |
  |   12  -- 13  |       -3.03  | *                                                    |
 f+--------------+--------------+------------------------------------------------------+
Z 
p 
c2RESEARCH OF IRREGULARITIES (SECOND DIFFERENCES)
 e+--------------+--------------+------------------------------------------------------+
 e| IRREGULARITY | IRREGULARITY |                                                      |
 e|    BETWEEN   |    VALUE     |                                                      |
 e+--------------+--------------+------------------------------------------------------+
  |    1  --  2  |     5132.70  | **************************************************** |
  |    2  --  3  |      794.61  | *********                                            |
  |    3  --  4  |      350.53  | ****                                                 |
  |    6  --  7  |      108.02  | **                                                   |
  |    8  --  9  |      101.19  | **                                                   |
  |   13  -- 14  |       17.84  | *                                                    |
  |   12  -- 13  |        6.32  | *                                                    |
 f+--------------+--------------+------------------------------------------------------+
Z 
p 
b2ANDERSON'S LAPLACE INTERVALS
c2WITH 0.95 THRESHOLD
 e+--------+--------------------------------------------------------+
 e| NUMBER |   LOWER LIMIT         EIGENVALUE         UPPER LIMIT   |
 e+--------+--------------------------------------------------------+
  |    1   |      6.9729             8.7223            10.4717      |
  |    2   |      1.9174             2.3985             2.8795      |
  |    3   |      0.9652             1.2073             1.4495      |
  |    4   |      0.6482             0.8108             0.9734      |
  |    5   |      0.6114             0.7648             0.9182      |
 f+--------+--------------------------------------------------------+
Z 
p 
c2LENGTH AND RELATIVE POSITION OF INTERVALS
  1 . . . . . . . . . . . . . . . . . . . . . . . . . . . . . . . . . . . . . . . . . *----------------------+----------------------*
  2 . . . . . . . . *------+-----*. . . . . . . . . . . . . . . . . . . . . . . . . . . . . . . . . . . . . . . . . . . . . . . . . .
  3 . . *--+--* . . . . . . . . . . . . . . . . . . . . . . . . . . . . . . . . . . . . . . . . . . . . . . . . . . . . . . . . . . .
  4 *-+-* . . . . . . . . . . . . . . . . . . . . . . . . . . . . . . . . . . . . . . . . . . . . . . . . . . . . . . . . . . . . . .
  5 *+-*. . . . . . . . . . . . . . . . . . . . . . . . . . . . . . . . . . . . . . . . . . . . . . . . . . . . . . . . . . . . . . .
 F
Z 
Z 
P 
b2COORDINATES OF VARIABLES ON  AXES  1 TO  5
c2ACTIVE VARIABLES
 e----------------------------+------------------------------------+-------------------------------+-------------------------------
 e         VARIABLES          |             COORDINATES            | VARIABLE-FACTOR CORRELATIONS  |    NORMED EIGENVECTORS
 e----------------------------+------------------------------------+-------------------------------+-------------------------------
 eIDEN - SHORT LABEL          |    1      2      3      4      5   |    1     2     3     4     5  |    1     2     3     4     5
 e----------------------------+------------------------------------+-------------------------------+-------------------------------
  Airp - Airports             |   0.79   0.27  -0.29   0.20  -0.25 |  0.79  0.27 -0.29  0.20 -0.25 |  0.27  0.18 -0.26  0.22 -0.28
  AMRa - AMRadioStations      |   0.74   0.17  -0.34  -0.14   0.13 |  0.74  0.17 -0.34 -0.14  0.13 |  0.25  0.11 -0.31 -0.16  0.15
  Cell - CellularPhones       |   0.81   0.18   0.24  -0.13  -0.15 |  0.81  0.18  0.24 -0.13 -0.15 |  0.28  0.11  0.22 -0.14 -0.18
  FMRa - FMRadioStations      |   0.75  -0.02   0.08  -0.34   0.00 |  0.75 -0.02  0.08 -0.34  0.00 |  0.25 -0.01  0.08 -0.38  0.00
  Inte - InternetHosts        |   0.76   0.03   0.25  -0.06   0.20 |  0.76  0.03  0.25 -0.06  0.20 |  0.26  0.02  0.23 -0.07  0.23
  Inte - InternetUsers        |   0.88   0.08   0.24  -0.04  -0.04 |  0.88  0.08  0.24 -0.04 -0.04 |  0.30  0.05  0.22 -0.04 -0.04
  Merc - MerchantShips        |   0.41  -0.81  -0.17  -0.04  -0.01 |  0.41 -0.81 -0.17 -0.04 -0.01 |  0.14 -0.52 -0.16 -0.05 -0.01
  Merc - MerchantShipsDeadWei |   0.44  -0.85  -0.11   0.06  -0.05 |  0.44 -0.85 -0.11  0.06 -0.05 |  0.15 -0.55 -0.10  0.07 -0.06
  Merc - MerchantShipsGross   |   0.47  -0.83  -0.08   0.06  -0.09 |  0.47 -0.83 -0.08  0.06 -0.09 |  0.16 -0.54 -0.08  0.07 -0.11
  Pave - PavedAirports        |   0.84   0.11  -0.09   0.22  -0.06 |  0.84  0.11 -0.09  0.22 -0.06 |  0.28  0.07 -0.09  0.24 -0.07
  Phon - PhoneLines           |   0.88   0.05   0.24  -0.04  -0.02 |  0.88  0.05  0.24 -0.04 -0.02 |  0.30  0.03  0.22 -0.04 -0.03
  Radi - RadioStations        |   0.86   0.09  -0.01  -0.28   0.00 |  0.86  0.09 -0.01 -0.28  0.00 |  0.29  0.06 -0.01 -0.32  0.00
  Rail - RailwayLength        |   0.55   0.02   0.21   0.55   0.49 |  0.55  0.02  0.21  0.55  0.49 |  0.19  0.01  0.19  0.61  0.56
  Road - RoadLength           |   0.81   0.15   0.17   0.00  -0.24 |  0.81  0.15  0.17  0.00 -0.24 |  0.28  0.10  0.15  0.00 -0.28
  Shor - ShortWaveRadioStatio |   0.44   0.16  -0.61  -0.25   0.45 |  0.44  0.16 -0.61 -0.25  0.45 |  0.15  0.11 -0.56 -0.28  0.51
  Tele - TelevisionStations   |   0.83  -0.08   0.18   0.08   0.17 |  0.83 -0.08  0.18  0.08  0.17 |  0.28 -0.05  0.16  0.08  0.19
  Unpa - UnpavedAirports      |   0.57   0.31  -0.48   0.33  -0.28 |  0.57  0.31 -0.48  0.33 -0.28 |  0.19  0.20 -0.44  0.37 -0.32
 f----------------------------+------------------------------------+-------------------------------+-------------------------------
Z 
P 
b2COORDINATES AND TEST-VALUES OF CATEGORIES
c2AXES  1 TO  5
 e+---------------------------------------------+-------------------------------+------------------------------------+----------+
 e|                 CATEGORIES                  |          TEST-VALUES          |             COORDINATES            |          |
 e|---------------------------------------------|-------------------------------|------------------------------------|----------|
 e| IDEN - LABEL                COUNT   ABS.WT  |   1     2     3     4     5   |    1      2      3      4      5   |  DISTO.  |
 e+---------------------------------------------+-------------------------------+------------------------------------+----------+
DE|    2 . Continent                                                                                                            |
  | m1   - Africa                 53     53.00  |  -4.4   3.2   0.5   1.5  -3.8 |  -1.52   0.57   0.07   0.15  -0.39 |     3.04 |
  | m2   - Asia                   48     48.00  |   1.9  -1.9   2.1  -0.7   0.2 |   0.70  -0.36   0.29  -0.08   0.02 |     0.92 |
  | m3   - Europe                 42     42.00  |   3.1  -2.0   4.9  -0.2   1.4 |   1.26  -0.42   0.73  -0.02   0.17 |     2.63 |
  | m4   - NorthAmerica           23     23.00  |   0.3  -1.3  -4.0  -1.6  -0.2 |   0.20  -0.38  -0.85  -0.29  -0.04 |     1.12 |
  | m5   - Oceania                14     14.00  |  -3.4  -1.0  -2.6   2.6   3.4 |  -2.58  -0.40  -0.74   0.60   0.78 |     9.25 |
  | m6   - SouthAmerica           12     12.00  |   2.6   3.7  -4.9  -1.7   1.0 |   2.15   1.58  -1.52  -0.42   0.23 |     9.79 |
 F+---------------------------------------------+-------------------------------+------------------------------------+----------+
Z 
Z 
Z 
P 
